// Vitest Snapshot v1, https://vitest.dev/guide/snapshot.html

exports[`migration golden parity > keeps import payload analysis stable for the current healthkit bundle 1`] = `
{
  "healthEvents": [
    {
      "confidence": 0.98,
      "connector": "healthkit-ios",
      "connectorVersion": 1,
      "deviceId": "iphone-15-pro",
      "eventType": "sleep-duration",
      "localDay": "2026-04-02",
      "payload": {
        "capturedAt": "2026-04-02T13:10:00Z",
        "connector": "healthkit-ios",
        "connectorVersion": 1,
        "deviceId": "iphone-15-pro",
        "deviceName": "Pyro iPhone",
        "endAt": "2026-04-02T12:30:00Z",
        "metadata": {
          "source": "Apple Watch",
        },
        "metricType": "sleep-duration",
        "raw": {
          "category": "asleepCore",
        },
        "sourcePlatform": "ios",
        "startAt": "2026-04-02T04:30:00Z",
      },
      "sourceApp": "HealthKit Companion · Pyro iPhone",
      "sourcePlatform": "ios",
      "sourceType": "native-companion",
      "timezone": "America/Chicago",
      "unit": "hours",
      "value": 8,
    },
    {
      "confidence": 0.98,
      "connector": "healthkit-ios",
      "connectorVersion": 1,
      "deviceId": "iphone-15-pro",
      "eventType": "step-count",
      "localDay": "2026-04-02",
      "payload": {
        "capturedAt": "2026-04-02T13:10:00Z",
        "connector": "healthkit-ios",
        "connectorVersion": 1,
        "deviceId": "iphone-15-pro",
        "deviceName": "Pyro iPhone",
        "endAt": undefined,
        "metadata": {
          "source": "iPhone",
        },
        "metricType": "step-count",
        "raw": {
          "sampleCount": 3,
        },
        "sourcePlatform": "ios",
        "startAt": undefined,
      },
      "sourceApp": "HealthKit Companion · Pyro iPhone",
      "sourcePlatform": "ios",
      "sourceType": "native-companion",
      "timezone": "America/Chicago",
      "unit": "count",
      "value": 8432,
    },
    {
      "confidence": 0.98,
      "connector": "healthkit-ios",
      "connectorVersion": 1,
      "deviceId": "iphone-15-pro",
      "eventType": "resting-heart-rate",
      "localDay": "2026-04-02",
      "payload": {
        "capturedAt": "2026-04-02T13:10:00Z",
        "connector": "healthkit-ios",
        "connectorVersion": 1,
        "deviceId": "iphone-15-pro",
        "deviceName": "Pyro iPhone",
        "endAt": undefined,
        "metadata": {
          "source": "Apple Watch",
        },
        "metricType": "resting-heart-rate",
        "raw": {
          "basal": true,
        },
        "sourcePlatform": "ios",
        "startAt": undefined,
      },
      "sourceApp": "HealthKit Companion · Pyro iPhone",
      "sourcePlatform": "ios",
      "sourceType": "native-companion",
      "timezone": "America/Chicago",
      "unit": "bpm",
      "value": 57,
    },
  ],
  "sourceType": "healthkit-companion",
  "summary": {
    "detail": "The import center detected a compatible iPhone bundle and can stage it before commit.",
    "filename": undefined,
    "headline": "Shortcut/native bundle ready to preview",
    "inferredSourceType": "healthkit-companion",
    "itemCount": 3,
    "itemLabel": "records",
    "metricTypes": [
      "sleep-duration",
      "step-count",
      "resting-heart-rate",
    ],
    "status": "ready",
  },
}
`;

exports[`migration golden parity > matches current import page-state behavior for preview and commit 1`] = `
{
  "committed": {
    "batches": [],
    "intake": {
      "errorNotice": "Companion bundle must be valid JSON",
      "fileNotice": "",
      "isManualAnalysisPending": false,
      "latestPreview": null,
      "payload": "",
      "payloadOrigin": "manual",
      "payloadSummary": null,
      "saveNotice": "",
      "selectedFileName": "",
      "sourceType": "healthkit-companion",
    },
    "isDragActive": false,
    "loading": true,
  },
  "previewed": {
    "batches": [],
    "intake": {
      "errorNotice": "Companion bundle must be valid JSON",
      "fileNotice": "",
      "isManualAnalysisPending": false,
      "latestPreview": null,
      "payload": "",
      "payloadOrigin": "manual",
      "payloadSummary": null,
      "saveNotice": "",
      "selectedFileName": "",
      "sourceType": "healthkit-companion",
    },
    "isDragActive": false,
    "loading": true,
  },
}
`;

exports[`migration golden parity > matches current page-state outputs for seeded health, timeline, review, and today flows 1`] = `
{
  "health": {
    "anxietyForm": {
      "durationMinutes": "",
      "intensity": "3",
      "note": "",
      "trigger": "",
    },
    "loading": false,
    "localDay": "2026-04-02",
    "saveNotice": "",
    "sleepNoteForm": {
      "context": "",
      "note": "",
      "restfulness": "",
    },
    "snapshot": {
      "events": [
        {
          "confidence": 0.98,
          "connector": "healthkit-ios",
          "connectorVersion": 1,
          "deviceId": "iphone-15-pro",
          "eventType": "sleep-duration",
          "localDay": "2026-04-02",
          "payload": {
            "capturedAt": "2026-04-02T13:10:00Z",
            "connector": "healthkit-ios",
            "connectorVersion": 1,
            "deviceId": "iphone-15-pro",
            "deviceName": "Pyro iPhone",
            "endAt": "2026-04-02T12:30:00Z",
            "metadata": {
              "source": "Apple Watch",
            },
            "metricType": "sleep-duration",
            "raw": {
              "category": "asleepCore",
            },
            "sourcePlatform": "ios",
            "startAt": "2026-04-02T04:30:00Z",
          },
          "sourceApp": "HealthKit Companion · Pyro iPhone",
          "sourcePlatform": "ios",
          "sourceType": "native-companion",
          "timezone": "America/Chicago",
          "unit": "hours",
          "value": 8,
        },
      ],
      "localDay": "2026-04-02",
      "sleepEvent": {
        "confidence": 0.98,
        "connector": "healthkit-ios",
        "connectorVersion": 1,
        "deviceId": "iphone-15-pro",
        "eventType": "sleep-duration",
        "localDay": "2026-04-02",
        "payload": {
          "capturedAt": "2026-04-02T13:10:00Z",
          "connector": "healthkit-ios",
          "connectorVersion": 1,
          "deviceId": "iphone-15-pro",
          "deviceName": "Pyro iPhone",
          "endAt": "2026-04-02T12:30:00Z",
          "metadata": {
            "source": "Apple Watch",
          },
          "metricType": "sleep-duration",
          "raw": {
            "category": "asleepCore",
          },
          "sourcePlatform": "ios",
          "startAt": "2026-04-02T04:30:00Z",
        },
        "sourceApp": "HealthKit Companion · Pyro iPhone",
        "sourcePlatform": "ios",
        "sourceType": "native-companion",
        "timezone": "America/Chicago",
        "unit": "hours",
        "value": 8,
      },
      "templates": [],
    },
    "symptomForm": {
      "note": "",
      "severity": "3",
      "symptom": "",
    },
    "templateForm": {
      "defaultDose": "",
      "defaultUnit": "",
      "label": "",
      "note": "",
      "templateType": "supplement",
    },
  },
  "review": {
    "loadNotice": "",
    "loading": false,
    "localDay": "2026-04-02",
    "saveNotice": "",
    "selectedExperiment": "Try 10 min morning mindfulness",
    "weekly": {
      "adherenceMatches": [
        {
          "confidence": "explicit",
          "localDay": "2026-04-02",
          "matchSource": "slot-status",
          "outcome": "hit",
          "reason": "was completed as planned.",
          "slotTitle": "Teriyaki Chicken Casserole",
          "slotType": "meal",
          "weekStart": "2026-03-30",
        },
        {
          "confidence": "inferred",
          "localDay": "2026-04-03",
          "matchSource": "pending",
          "outcome": "pending",
          "reason": "is still upcoming.",
          "slotTitle": "Recovery walk",
          "slotType": "workout",
          "weekStart": "2026-03-30",
        },
      ],
      "adherenceScores": [
        {
          "completed": 1,
          "detail": "1 hit, 0 misses, 1 upcoming",
          "inferredCount": 0,
          "label": "Overall",
          "missed": 0,
          "pending": 1,
          "score": 100,
          "tone": "mixed",
        },
        {
          "completed": 1,
          "detail": "1 hit, 0 misses",
          "inferredCount": 0,
          "label": "Meals",
          "missed": 0,
          "pending": 0,
          "score": 100,
          "tone": "steady",
        },
        {
          "completed": 0,
          "detail": "0 hits, 0 misses, 1 upcoming",
          "inferredCount": 0,
          "label": "Workouts",
          "missed": 0,
          "pending": 1,
          "score": 0,
          "tone": "mixed",
        },
      ],
      "adherenceSignals": [
        "Meal hit: Teriyaki Chicken Casserole was completed as planned.",
      ],
      "anchorDay": "2026-04-02",
      "assessmentSummary": [],
      "averageMood": 4,
      "averageProtein": 57.5,
      "averageSleep": 7,
      "contextSignals": [
        "Low sleep and a written reflection both landed on 2026-03-31.",
        "Anxiety and written context both surfaced on 2026-03-31.",
      ],
      "deviceHighlights": [
        "Step count: 8432 count on 2026-04-02",
        "Sleep duration: 8 hours on 2026-04-02",
        "Resting heart rate: 57 bpm on 2026-04-02",
      ],
      "experimentOptions": [
        "Try 10 min morning mindfulness",
        "Increase hydration tracking",
        "Increase protein at breakfast",
      ],
      "grocerySignals": [],
      "healthHighlights": [
        "Low sleep lined up with higher anxiety on 2026-03-31.",
      ],
      "journalHighlights": [
        "Evening review on 2026-03-31: Crowded store and headache drained the afternoon.",
      ],
      "nutritionHighlights": [
        "2026-03-31: 25g protein logged",
        "2026-04-02: 90g protein logged",
      ],
      "nutritionStrategy": [
        {
          "detail": "protein target looks strong",
          "kind": "repeat",
          "recommendationKind": "food",
          "title": "Greek yogurt bowl",
        },
        {
          "detail": "protein-forward ingredients",
          "kind": "rotate",
          "recommendationKind": "recipe",
          "title": "Teriyaki Chicken Casserole",
        },
      ],
      "planningHighlights": [
        "This Week: 1/2 plan items completed.",
        "Meals planned: 1/1 completed.",
        "Workouts planned: 0/1 completed.",
        "Groceries: 0/2 checked, 2 still open.",
      ],
      "snapshot": {
        "correlations": [
          {
            "detail": "Days with 7+ hours sleep averaged 5 mood vs 3 on shorter-sleep days.",
            "label": "Higher sleep tracked with better mood",
            "sourceDays": [
              "2026-04-02",
              "2026-03-31",
            ],
          },
          {
            "detail": "Days at 80g+ protein averaged 4 energy vs 2 on lower-protein days.",
            "label": "Higher protein tracked with steadier energy",
            "sourceDays": [
              "2026-04-02",
              "2026-03-31",
            ],
          },
        ],
        "daysTracked": 2,
        "experiment": undefined,
        "flags": [],
        "headline": "Mindful reset",
        "weekStart": "2026-03-30",
      },
      "sobrietyStreak": 1,
    },
  },
  "timeline": [
    {
      "eventType": "anxiety-episode",
      "label": "Anxiety episode",
      "localDay": "2026-03-31",
      "sourceLabel": "Manual",
      "sourceType": "manual",
      "valueLabel": "4",
    },
    {
      "eventType": "energy",
      "label": "energy",
      "localDay": "2026-04-02",
      "sourceLabel": "Manual",
      "sourceType": "manual",
      "valueLabel": "4",
    },
    {
      "eventType": "focus",
      "label": "focus",
      "localDay": "2026-04-02",
      "sourceLabel": "Manual",
      "sourceType": "manual",
      "valueLabel": "4",
    },
    {
      "eventType": "mood",
      "label": "mood",
      "localDay": "2026-04-02",
      "sourceLabel": "Manual",
      "sourceType": "manual",
      "valueLabel": "5",
    },
    {
      "eventType": "sleepHours",
      "label": "sleepHours",
      "localDay": "2026-04-02",
      "sourceLabel": "Manual",
      "sourceType": "manual",
      "valueLabel": "8",
    },
    {
      "eventType": "sleepQuality",
      "label": "sleepQuality",
      "localDay": "2026-04-02",
      "sourceLabel": "Manual",
      "sourceType": "manual",
      "valueLabel": "4",
    },
    {
      "eventType": "stress",
      "label": "stress",
      "localDay": "2026-04-02",
      "sourceLabel": "Manual",
      "sourceType": "manual",
      "valueLabel": "2",
    },
    {
      "eventType": "energy",
      "label": "energy",
      "localDay": "2026-03-31",
      "sourceLabel": "Manual",
      "sourceType": "manual",
      "valueLabel": "2",
    },
    {
      "eventType": "focus",
      "label": "focus",
      "localDay": "2026-03-31",
      "sourceLabel": "Manual",
      "sourceType": "manual",
      "valueLabel": "3",
    },
    {
      "eventType": "mood",
      "label": "mood",
      "localDay": "2026-03-31",
      "sourceLabel": "Manual",
      "sourceType": "manual",
      "valueLabel": "3",
    },
    {
      "eventType": "sleepHours",
      "label": "sleepHours",
      "localDay": "2026-03-31",
      "sourceLabel": "Manual",
      "sourceType": "manual",
      "valueLabel": "6",
    },
    {
      "eventType": "sleepQuality",
      "label": "sleepQuality",
      "localDay": "2026-03-31",
      "sourceLabel": "Manual",
      "sourceType": "manual",
      "valueLabel": "3",
    },
    {
      "eventType": "stress",
      "label": "stress",
      "localDay": "2026-03-31",
      "sourceLabel": "Manual",
      "sourceType": "manual",
      "valueLabel": "3",
    },
    {
      "eventType": "step-count",
      "label": "Step count",
      "localDay": "2026-04-02",
      "sourceLabel": "Native companion",
      "sourceType": "native-companion",
      "valueLabel": "8432 count",
    },
    {
      "eventType": "sleep-duration",
      "label": "Sleep duration",
      "localDay": "2026-04-02",
      "sourceLabel": "Native companion",
      "sourceType": "native-companion",
      "valueLabel": "8 hours",
    },
    {
      "eventType": "resting-heart-rate",
      "label": "Resting heart rate",
      "localDay": "2026-04-02",
      "sourceLabel": "Native companion",
      "sourceType": "native-companion",
      "valueLabel": "57 bpm",
    },
  ],
  "today": {
    "form": {
      "energy": "4",
      "focus": "4",
      "freeformNote": "",
      "mood": "5",
      "sleepHours": "8",
      "sleepQuality": "4",
      "stress": "2",
    },
    "loading": false,
    "saveNotice": "",
    "saving": false,
    "snapshot": {
      "dailyRecord": {
        "date": "2026-04-02",
        "energy": 4,
        "focus": 4,
        "freeformNote": undefined,
        "mood": 5,
        "sleepHours": 8,
        "sleepQuality": 4,
        "sobrietyStatus": "sober",
        "stress": 2,
      },
      "date": "2026-04-02",
      "events": [
        {
          "confidence": 1,
          "eventType": "energy",
          "localDay": "2026-04-02",
          "sourceApp": "personal-health-cockpit",
          "sourceType": "manual",
          "timezone": "UTC",
          "value": 4,
        },
        {
          "confidence": 1,
          "eventType": "focus",
          "localDay": "2026-04-02",
          "sourceApp": "personal-health-cockpit",
          "sourceType": "manual",
          "timezone": "UTC",
          "value": 4,
        },
        {
          "confidence": 1,
          "eventType": "mood",
          "localDay": "2026-04-02",
          "sourceApp": "personal-health-cockpit",
          "sourceType": "manual",
          "timezone": "UTC",
          "value": 5,
        },
        {
          "confidence": 0.98,
          "connector": "healthkit-ios",
          "connectorVersion": 1,
          "deviceId": "iphone-15-pro",
          "eventType": "resting-heart-rate",
          "localDay": "2026-04-02",
          "payload": {
            "capturedAt": "2026-04-02T13:10:00Z",
            "connector": "healthkit-ios",
            "connectorVersion": 1,
            "deviceId": "iphone-15-pro",
            "deviceName": "Pyro iPhone",
            "endAt": undefined,
            "metadata": {
              "source": "Apple Watch",
            },
            "metricType": "resting-heart-rate",
            "raw": {
              "basal": true,
            },
            "sourcePlatform": "ios",
            "startAt": undefined,
          },
          "sourceApp": "HealthKit Companion · Pyro iPhone",
          "sourcePlatform": "ios",
          "sourceType": "native-companion",
          "timezone": "America/Chicago",
          "unit": "bpm",
          "value": 57,
        },
        {
          "confidence": 0.98,
          "connector": "healthkit-ios",
          "connectorVersion": 1,
          "deviceId": "iphone-15-pro",
          "eventType": "sleep-duration",
          "localDay": "2026-04-02",
          "payload": {
            "capturedAt": "2026-04-02T13:10:00Z",
            "connector": "healthkit-ios",
            "connectorVersion": 1,
            "deviceId": "iphone-15-pro",
            "deviceName": "Pyro iPhone",
            "endAt": "2026-04-02T12:30:00Z",
            "metadata": {
              "source": "Apple Watch",
            },
            "metricType": "sleep-duration",
            "raw": {
              "category": "asleepCore",
            },
            "sourcePlatform": "ios",
            "startAt": "2026-04-02T04:30:00Z",
          },
          "sourceApp": "HealthKit Companion · Pyro iPhone",
          "sourcePlatform": "ios",
          "sourceType": "native-companion",
          "timezone": "America/Chicago",
          "unit": "hours",
          "value": 8,
        },
        {
          "confidence": 1,
          "eventType": "sleepHours",
          "localDay": "2026-04-02",
          "sourceApp": "personal-health-cockpit",
          "sourceType": "manual",
          "timezone": "UTC",
          "value": 8,
        },
        {
          "confidence": 1,
          "eventType": "sleepQuality",
          "localDay": "2026-04-02",
          "sourceApp": "personal-health-cockpit",
          "sourceType": "manual",
          "timezone": "UTC",
          "value": 4,
        },
        {
          "confidence": 0.98,
          "connector": "healthkit-ios",
          "connectorVersion": 1,
          "deviceId": "iphone-15-pro",
          "eventType": "step-count",
          "localDay": "2026-04-02",
          "payload": {
            "capturedAt": "2026-04-02T13:10:00Z",
            "connector": "healthkit-ios",
            "connectorVersion": 1,
            "deviceId": "iphone-15-pro",
            "deviceName": "Pyro iPhone",
            "endAt": undefined,
            "metadata": {
              "source": "iPhone",
            },
            "metricType": "step-count",
            "raw": {
              "sampleCount": 3,
            },
            "sourcePlatform": "ios",
            "startAt": undefined,
          },
          "sourceApp": "HealthKit Companion · Pyro iPhone",
          "sourcePlatform": "ios",
          "sourceType": "native-companion",
          "timezone": "America/Chicago",
          "unit": "count",
          "value": 8432,
        },
        {
          "confidence": 1,
          "eventType": "stress",
          "localDay": "2026-04-02",
          "sourceApp": "personal-health-cockpit",
          "sourceType": "manual",
          "timezone": "UTC",
          "value": 2,
        },
      ],
      "foodEntries": [
        {
          "calories": 420,
          "carbs": 32,
          "fat": 12,
          "favoriteMealId": undefined,
          "fiber": 7,
          "localDay": "2026-04-02",
          "mealType": "breakfast",
          "name": "Protein breakfast",
          "notes": undefined,
          "protein": 90,
          "sourceName": undefined,
        },
      ],
      "latestJournalEntry": null,
      "nutritionSummary": {
        "calories": 420,
        "carbs": 32,
        "fat": 12,
        "fiber": 7,
        "protein": 90,
      },
      "planItems": [
        {
          "status": "done",
          "subtitle": "dinner · Japanese",
          "title": "Teriyaki Chicken Casserole",
        },
      ],
      "plannedMeal": null,
      "plannedMealIssue": null,
      "plannedWorkout": null,
      "plannedWorkoutIssue": null,
      "recoveryAdaptation": null,
    },
    "todayDate": "2026-04-02",
  },
}
`;

exports[`migration golden parity keeps import payload analysis stable for the current healthkit bundle 1`] = `
{
  "healthEvents": [
    {
      "confidence": 0.98,
      "connector": "healthkit-ios",
      "connectorVersion": 1,
      "deviceId": "iphone-15-pro",
      "eventType": "sleep-duration",
      "localDay": "2026-04-02",
      "payload": {
        "capturedAt": "2026-04-02T13:10:00Z",
        "connector": "healthkit-ios",
        "connectorVersion": 1,
        "deviceId": "iphone-15-pro",
        "deviceName": "Pyro iPhone",
        "endAt": "2026-04-02T12:30:00Z",
        "metadata": {
          "source": "Apple Watch",
        },
        "metricType": "sleep-duration",
        "raw": {
          "category": "asleepCore",
        },
        "sourcePlatform": "ios",
        "startAt": "2026-04-02T04:30:00Z",
      },
      "sourceApp": "HealthKit Companion · Pyro iPhone",
      "sourcePlatform": "ios",
      "sourceType": "native-companion",
      "timezone": "America/Chicago",
      "unit": "hours",
      "value": 8,
    },
    {
      "confidence": 0.98,
      "connector": "healthkit-ios",
      "connectorVersion": 1,
      "deviceId": "iphone-15-pro",
      "eventType": "step-count",
      "localDay": "2026-04-02",
      "payload": {
        "capturedAt": "2026-04-02T13:10:00Z",
        "connector": "healthkit-ios",
        "connectorVersion": 1,
        "deviceId": "iphone-15-pro",
        "deviceName": "Pyro iPhone",
        "endAt": undefined,
        "metadata": {
          "source": "iPhone",
        },
        "metricType": "step-count",
        "raw": {
          "sampleCount": 3,
        },
        "sourcePlatform": "ios",
        "startAt": undefined,
      },
      "sourceApp": "HealthKit Companion · Pyro iPhone",
      "sourcePlatform": "ios",
      "sourceType": "native-companion",
      "timezone": "America/Chicago",
      "unit": "count",
      "value": 8432,
    },
    {
      "confidence": 0.98,
      "connector": "healthkit-ios",
      "connectorVersion": 1,
      "deviceId": "iphone-15-pro",
      "eventType": "resting-heart-rate",
      "localDay": "2026-04-02",
      "payload": {
        "capturedAt": "2026-04-02T13:10:00Z",
        "connector": "healthkit-ios",
        "connectorVersion": 1,
        "deviceId": "iphone-15-pro",
        "deviceName": "Pyro iPhone",
        "endAt": undefined,
        "metadata": {
          "source": "Apple Watch",
        },
        "metricType": "resting-heart-rate",
        "raw": {
          "basal": true,
        },
        "sourcePlatform": "ios",
        "startAt": undefined,
      },
      "sourceApp": "HealthKit Companion · Pyro iPhone",
      "sourcePlatform": "ios",
      "sourceType": "native-companion",
      "timezone": "America/Chicago",
      "unit": "bpm",
      "value": 57,
    },
  ],
  "sourceType": "healthkit-companion",
  "summary": {
    "detail": "The import center detected a compatible iPhone bundle and can stage it before commit.",
    "filename": undefined,
    "headline": "Shortcut/native bundle ready to preview",
    "inferredSourceType": "healthkit-companion",
    "itemCount": 3,
    "itemLabel": "records",
    "metricTypes": [
      "sleep-duration",
      "step-count",
      "resting-heart-rate",
    ],
    "status": "ready",
  },
}
`;

exports[`migration golden parity matches current import page-state behavior for preview and commit 1`] = `
{
  "committed": {
    "batches": [],
    "intake": {
      "errorNotice": "Companion bundle must be valid JSON",
      "fileNotice": "",
      "isManualAnalysisPending": false,
      "latestPreview": null,
      "payload": "",
      "payloadOrigin": "manual",
      "payloadSummary": null,
      "saveNotice": "",
      "selectedFileName": "",
      "sourceType": "healthkit-companion",
    },
    "isDragActive": false,
    "loading": true,
  },
  "previewed": {
    "batches": [],
    "intake": {
      "errorNotice": "Companion bundle must be valid JSON",
      "fileNotice": "",
      "isManualAnalysisPending": false,
      "latestPreview": null,
      "payload": "",
      "payloadOrigin": "manual",
      "payloadSummary": null,
      "saveNotice": "",
      "selectedFileName": "",
      "sourceType": "healthkit-companion",
    },
    "isDragActive": false,
    "loading": true,
  },
}
`;

exports[`migration golden parity matches current page-state outputs for seeded health, timeline, review, and today flows 1`] = `
{
  "health": {
    "anxietyForm": {
      "durationMinutes": "",
      "intensity": "3",
      "note": "",
      "trigger": "",
    },
    "loading": false,
    "localDay": "2026-04-02",
    "saveNotice": "",
    "sleepNoteForm": {
      "context": "",
      "note": "",
      "restfulness": "",
    },
    "snapshot": {
      "events": [
        {
          "confidence": 0.98,
          "connector": "healthkit-ios",
          "connectorVersion": 1,
          "deviceId": "iphone-15-pro",
          "eventType": "sleep-duration",
          "localDay": "2026-04-02",
          "payload": {
            "capturedAt": "2026-04-02T13:10:00Z",
            "connector": "healthkit-ios",
            "connectorVersion": 1,
            "deviceId": "iphone-15-pro",
            "deviceName": "Pyro iPhone",
            "endAt": "2026-04-02T12:30:00Z",
            "metadata": {
              "source": "Apple Watch",
            },
            "metricType": "sleep-duration",
            "raw": {
              "category": "asleepCore",
            },
            "sourcePlatform": "ios",
            "startAt": "2026-04-02T04:30:00Z",
          },
          "sourceApp": "HealthKit Companion · Pyro iPhone",
          "sourcePlatform": "ios",
          "sourceType": "native-companion",
          "timezone": "America/Chicago",
          "unit": "hours",
          "value": 8,
        },
      ],
      "localDay": "2026-04-02",
      "sleepEvent": {
        "confidence": 0.98,
        "connector": "healthkit-ios",
        "connectorVersion": 1,
        "deviceId": "iphone-15-pro",
        "eventType": "sleep-duration",
        "localDay": "2026-04-02",
        "payload": {
          "capturedAt": "2026-04-02T13:10:00Z",
          "connector": "healthkit-ios",
          "connectorVersion": 1,
          "deviceId": "iphone-15-pro",
          "deviceName": "Pyro iPhone",
          "endAt": "2026-04-02T12:30:00Z",
          "metadata": {
            "source": "Apple Watch",
          },
          "metricType": "sleep-duration",
          "raw": {
            "category": "asleepCore",
          },
          "sourcePlatform": "ios",
          "startAt": "2026-04-02T04:30:00Z",
        },
        "sourceApp": "HealthKit Companion · Pyro iPhone",
        "sourcePlatform": "ios",
        "sourceType": "native-companion",
        "timezone": "America/Chicago",
        "unit": "hours",
        "value": 8,
      },
      "templates": [],
    },
    "symptomForm": {
      "note": "",
      "severity": "3",
      "symptom": "",
    },
    "templateForm": {
      "defaultDose": "",
      "defaultUnit": "",
      "label": "",
      "note": "",
      "templateType": "supplement",
    },
  },
  "review": {
    "loadNotice": "",
    "loading": false,
    "localDay": "2026-04-02",
    "saveNotice": "",
    "selectedExperiment": "Try 10 min morning mindfulness",
    "weekly": {
      "adherenceMatches": [
        {
          "confidence": "explicit",
          "localDay": "2026-04-02",
          "matchSource": "slot-status",
          "outcome": "hit",
          "reason": "was completed as planned.",
          "slotTitle": "Teriyaki Chicken Casserole",
          "slotType": "meal",
          "weekStart": "2026-03-30",
        },
        {
          "confidence": "inferred",
          "localDay": "2026-04-03",
          "matchSource": "pending",
          "outcome": "pending",
          "reason": "is still upcoming.",
          "slotTitle": "Recovery walk",
          "slotType": "workout",
          "weekStart": "2026-03-30",
        },
      ],
      "adherenceScores": [
        {
          "completed": 1,
          "detail": "1 hit, 0 misses, 1 upcoming",
          "inferredCount": 0,
          "label": "Overall",
          "missed": 0,
          "pending": 1,
          "score": 100,
          "tone": "mixed",
        },
        {
          "completed": 1,
          "detail": "1 hit, 0 misses",
          "inferredCount": 0,
          "label": "Meals",
          "missed": 0,
          "pending": 0,
          "score": 100,
          "tone": "steady",
        },
        {
          "completed": 0,
          "detail": "0 hits, 0 misses, 1 upcoming",
          "inferredCount": 0,
          "label": "Workouts",
          "missed": 0,
          "pending": 1,
          "score": 0,
          "tone": "mixed",
        },
      ],
      "adherenceSignals": [
        "Meal hit: Teriyaki Chicken Casserole was completed as planned.",
      ],
      "anchorDay": "2026-04-02",
      "assessmentSummary": [],
      "averageMood": 4,
      "averageProtein": 57.5,
      "averageSleep": 7,
      "contextSignals": [
        "Low sleep and a written reflection both landed on 2026-03-31.",
        "Anxiety and written context both surfaced on 2026-03-31.",
      ],
      "deviceHighlights": [
        "Step count: 8432 count on 2026-04-02",
        "Sleep duration: 8 hours on 2026-04-02",
        "Resting heart rate: 57 bpm on 2026-04-02",
      ],
      "experimentOptions": [
        "Try 10 min morning mindfulness",
        "Increase hydration tracking",
        "Increase protein at breakfast",
      ],
      "grocerySignals": [],
      "healthHighlights": [
        "Low sleep lined up with higher anxiety on 2026-03-31.",
      ],
      "journalHighlights": [
        "Evening review on 2026-03-31: Crowded store and headache drained the afternoon.",
      ],
      "nutritionHighlights": [
        "2026-03-31: 25g protein logged",
        "2026-04-02: 90g protein logged",
      ],
      "nutritionStrategy": [
        {
          "detail": "protein target looks strong",
          "kind": "repeat",
          "recommendationKind": "food",
          "title": "Greek yogurt bowl",
        },
        {
          "detail": "protein-forward ingredients",
          "kind": "rotate",
          "recommendationKind": "recipe",
          "title": "Teriyaki Chicken Casserole",
        },
      ],
      "planningHighlights": [
        "This Week: 1/2 plan items completed.",
        "Meals planned: 1/1 completed.",
        "Workouts planned: 0/1 completed.",
        "Groceries: 0/2 checked, 2 still open.",
      ],
      "snapshot": {
        "correlations": [
          {
            "detail": "Days with 7+ hours sleep averaged 5 mood vs 3 on shorter-sleep days.",
            "label": "Higher sleep tracked with better mood",
            "sourceDays": [
              "2026-04-02",
              "2026-03-31",
            ],
          },
          {
            "detail": "Days at 80g+ protein averaged 4 energy vs 2 on lower-protein days.",
            "label": "Higher protein tracked with steadier energy",
            "sourceDays": [
              "2026-04-02",
              "2026-03-31",
            ],
          },
        ],
        "daysTracked": 2,
        "experiment": undefined,
        "flags": [],
        "headline": "Mindful reset",
        "weekStart": "2026-03-30",
      },
      "sobrietyStreak": 1,
    },
  },
  "timeline": [
    {
      "eventType": "anxiety-episode",
      "label": "Anxiety episode",
      "localDay": "2026-03-31",
      "sourceLabel": "Manual",
      "sourceType": "manual",
      "valueLabel": "4",
    },
    {
      "eventType": "energy",
      "label": "energy",
      "localDay": "2026-04-02",
      "sourceLabel": "Manual",
      "sourceType": "manual",
      "valueLabel": "4",
    },
    {
      "eventType": "focus",
      "label": "focus",
      "localDay": "2026-04-02",
      "sourceLabel": "Manual",
      "sourceType": "manual",
      "valueLabel": "4",
    },
    {
      "eventType": "mood",
      "label": "mood",
      "localDay": "2026-04-02",
      "sourceLabel": "Manual",
      "sourceType": "manual",
      "valueLabel": "5",
    },
    {
      "eventType": "sleepHours",
      "label": "sleepHours",
      "localDay": "2026-04-02",
      "sourceLabel": "Manual",
      "sourceType": "manual",
      "valueLabel": "8",
    },
    {
      "eventType": "sleepQuality",
      "label": "sleepQuality",
      "localDay": "2026-04-02",
      "sourceLabel": "Manual",
      "sourceType": "manual",
      "valueLabel": "4",
    },
    {
      "eventType": "stress",
      "label": "stress",
      "localDay": "2026-04-02",
      "sourceLabel": "Manual",
      "sourceType": "manual",
      "valueLabel": "2",
    },
    {
      "eventType": "energy",
      "label": "energy",
      "localDay": "2026-03-31",
      "sourceLabel": "Manual",
      "sourceType": "manual",
      "valueLabel": "2",
    },
    {
      "eventType": "focus",
      "label": "focus",
      "localDay": "2026-03-31",
      "sourceLabel": "Manual",
      "sourceType": "manual",
      "valueLabel": "3",
    },
    {
      "eventType": "mood",
      "label": "mood",
      "localDay": "2026-03-31",
      "sourceLabel": "Manual",
      "sourceType": "manual",
      "valueLabel": "3",
    },
    {
      "eventType": "sleepHours",
      "label": "sleepHours",
      "localDay": "2026-03-31",
      "sourceLabel": "Manual",
      "sourceType": "manual",
      "valueLabel": "6",
    },
    {
      "eventType": "sleepQuality",
      "label": "sleepQuality",
      "localDay": "2026-03-31",
      "sourceLabel": "Manual",
      "sourceType": "manual",
      "valueLabel": "3",
    },
    {
      "eventType": "stress",
      "label": "stress",
      "localDay": "2026-03-31",
      "sourceLabel": "Manual",
      "sourceType": "manual",
      "valueLabel": "3",
    },
    {
      "eventType": "step-count",
      "label": "Step count",
      "localDay": "2026-04-02",
      "sourceLabel": "Native companion",
      "sourceType": "native-companion",
      "valueLabel": "8432 count",
    },
    {
      "eventType": "sleep-duration",
      "label": "Sleep duration",
      "localDay": "2026-04-02",
      "sourceLabel": "Native companion",
      "sourceType": "native-companion",
      "valueLabel": "8 hours",
    },
    {
      "eventType": "resting-heart-rate",
      "label": "Resting heart rate",
      "localDay": "2026-04-02",
      "sourceLabel": "Native companion",
      "sourceType": "native-companion",
      "valueLabel": "57 bpm",
    },
  ],
  "today": {
    "form": {
      "energy": "4",
      "focus": "4",
      "freeformNote": "",
      "mood": "5",
      "sleepHours": "8",
      "sleepQuality": "4",
      "stress": "2",
    },
    "loading": false,
    "saveNotice": "",
    "saving": false,
    "snapshot": {
      "dailyRecord": {
        "date": "2026-04-02",
        "energy": 4,
        "focus": 4,
        "freeformNote": undefined,
        "mood": 5,
        "sleepHours": 8,
        "sleepQuality": 4,
        "sobrietyStatus": "sober",
        "stress": 2,
      },
      "date": "2026-04-02",
      "events": [
        {
          "confidence": 1,
          "eventType": "energy",
          "localDay": "2026-04-02",
          "sourceApp": "personal-health-cockpit",
          "sourceType": "manual",
          "timezone": "UTC",
          "value": 4,
        },
        {
          "confidence": 1,
          "eventType": "focus",
          "localDay": "2026-04-02",
          "sourceApp": "personal-health-cockpit",
          "sourceType": "manual",
          "timezone": "UTC",
          "value": 4,
        },
        {
          "confidence": 1,
          "eventType": "mood",
          "localDay": "2026-04-02",
          "sourceApp": "personal-health-cockpit",
          "sourceType": "manual",
          "timezone": "UTC",
          "value": 5,
        },
        {
          "confidence": 0.98,
          "connector": "healthkit-ios",
          "connectorVersion": 1,
          "deviceId": "iphone-15-pro",
          "eventType": "resting-heart-rate",
          "localDay": "2026-04-02",
          "payload": {
            "capturedAt": "2026-04-02T13:10:00Z",
            "connector": "healthkit-ios",
            "connectorVersion": 1,
            "deviceId": "iphone-15-pro",
            "deviceName": "Pyro iPhone",
            "endAt": undefined,
            "metadata": {
              "source": "Apple Watch",
            },
            "metricType": "resting-heart-rate",
            "raw": {
              "basal": true,
            },
            "sourcePlatform": "ios",
            "startAt": undefined,
          },
          "sourceApp": "HealthKit Companion · Pyro iPhone",
          "sourcePlatform": "ios",
          "sourceType": "native-companion",
          "timezone": "America/Chicago",
          "unit": "bpm",
          "value": 57,
        },
        {
          "confidence": 0.98,
          "connector": "healthkit-ios",
          "connectorVersion": 1,
          "deviceId": "iphone-15-pro",
          "eventType": "sleep-duration",
          "localDay": "2026-04-02",
          "payload": {
            "capturedAt": "2026-04-02T13:10:00Z",
            "connector": "healthkit-ios",
            "connectorVersion": 1,
            "deviceId": "iphone-15-pro",
            "deviceName": "Pyro iPhone",
            "endAt": "2026-04-02T12:30:00Z",
            "metadata": {
              "source": "Apple Watch",
            },
            "metricType": "sleep-duration",
            "raw": {
              "category": "asleepCore",
            },
            "sourcePlatform": "ios",
            "startAt": "2026-04-02T04:30:00Z",
          },
          "sourceApp": "HealthKit Companion · Pyro iPhone",
          "sourcePlatform": "ios",
          "sourceType": "native-companion",
          "timezone": "America/Chicago",
          "unit": "hours",
          "value": 8,
        },
        {
          "confidence": 1,
          "eventType": "sleepHours",
          "localDay": "2026-04-02",
          "sourceApp": "personal-health-cockpit",
          "sourceType": "manual",
          "timezone": "UTC",
          "value": 8,
        },
        {
          "confidence": 1,
          "eventType": "sleepQuality",
          "localDay": "2026-04-02",
          "sourceApp": "personal-health-cockpit",
          "sourceType": "manual",
          "timezone": "UTC",
          "value": 4,
        },
        {
          "confidence": 0.98,
          "connector": "healthkit-ios",
          "connectorVersion": 1,
          "deviceId": "iphone-15-pro",
          "eventType": "step-count",
          "localDay": "2026-04-02",
          "payload": {
            "capturedAt": "2026-04-02T13:10:00Z",
            "connector": "healthkit-ios",
            "connectorVersion": 1,
            "deviceId": "iphone-15-pro",
            "deviceName": "Pyro iPhone",
            "endAt": undefined,
            "metadata": {
              "source": "iPhone",
            },
            "metricType": "step-count",
            "raw": {
              "sampleCount": 3,
            },
            "sourcePlatform": "ios",
            "startAt": undefined,
          },
          "sourceApp": "HealthKit Companion · Pyro iPhone",
          "sourcePlatform": "ios",
          "sourceType": "native-companion",
          "timezone": "America/Chicago",
          "unit": "count",
          "value": 8432,
        },
        {
          "confidence": 1,
          "eventType": "stress",
          "localDay": "2026-04-02",
          "sourceApp": "personal-health-cockpit",
          "sourceType": "manual",
          "timezone": "UTC",
          "value": 2,
        },
      ],
      "foodEntries": [
        {
          "calories": 420,
          "carbs": 32,
          "fat": 12,
          "favoriteMealId": undefined,
          "fiber": 7,
          "localDay": "2026-04-02",
          "mealType": "breakfast",
          "name": "Protein breakfast",
          "notes": undefined,
          "protein": 90,
          "sourceName": undefined,
        },
      ],
      "latestJournalEntry": null,
      "nutritionSummary": {
        "calories": 420,
        "carbs": 32,
        "fat": 12,
        "fiber": 7,
        "protein": 90,
      },
      "planItems": [
        {
          "status": "done",
          "subtitle": "dinner · Japanese",
          "title": "Teriyaki Chicken Casserole",
        },
      ],
      "plannedMeal": null,
      "plannedMealIssue": null,
      "plannedWorkout": null,
      "plannedWorkoutIssue": null,
      "recoveryAdaptation": null,
    },
    "todayDate": "2026-04-02",
  },
}
`;
